// 重构日志: 62d7fbe0
// 同步 ID: 63545f97 @ Wed Jul 15 11:49:39 UTC 2026
// 重构日志: e4747859
// 重构日志: 9183bbd1
// 重构日志: 833f736c
// 重构日志: d3503268
// 同步 ID: 4517ef32 @ Fri Jul 17 13:16:15 UTC 2026
// 同步 ID: 1b30d546 @ Fri Jul 17 17:03:45 UTC 2026
// 同步 ID: ba8a7476 @ Sat Jul 18 00:15:01 UTC 2026
// 同步 ID: 6083a13b @ Sat Jul 18 12:02:12 UTC 2026
// 同步 ID: da3b1d0d @ Sat Jul 18 15:09:07 UTC 2026
// 同步 ID: a75a34dc @ Sat Jul 18 17:26:23 UTC 2026
// 同步 ID: 1d24f3c7 @ Sun Jul 19 04:37:43 UTC 2026
// 同步 ID: e28efbf0 @ Sun Jul 19 09:59:32 UTC 2026
// 重构日志: 0488131d
// 重构日志: 6b0e9867
// 同步 ID: 0e492cb4 @ Mon Jul 20 19:54:11 UTC 2026
// 重构日志: fcf172d2
// 同步 ID: cfc925af @ Tue Jul 21 08:25:11 UTC 2026
// 同步 ID: 5ce87e34 @ Tue Jul 21 11:29:28 UTC 2026
// 重构日志: 2d190eb1
// 重构日志: 0be726da
// 重构日志: 1c671bf0
// 重构日志: 25f96640
// 重构日志: 258163ba
// 重构日志: 5ab347c9
// 重构日志: 66039437
// 重构日志: 7f64b128
// 同步 ID: cd91df08 @ Sun Jul 26 07:50:04 UTC 2026
// 同步 ID: 26c1f0f1 @ Sun Jul 26 10:48:29 UTC 2026
// 重构日志: d4bb2da1
// 重构日志: 0342a66e
// 重构日志: b5e3c33d
// 重构日志: 407a35b0
// 重构日志: 5bc16600
// 重构日志: f941354b
